******************************************************************************
                  TI ARM Linker PC v16.9.1                     
******************************************************************************
>> Linked Sat Jul 15 17:39:42 2017

OUTPUT FILE NAME:   <ST7735.out>
ENTRY POINT SYMBOL: "_c_int00"  address: 000039b5


MEMORY CONFIGURATION

         name            origin    length      used     unused   attr    fill
----------------------  --------  ---------  --------  --------  ----  --------
  FLASH                 00000000   00040000  00004864  0003b79c  R  X
  SRAM                  20000000   00008000  000004b1  00007b4f  RW X


SEGMENT ALLOCATION MAP

run origin  load origin   length   init length attrs members
----------  ----------- ---------- ----------- ----- -------
00000000    00000000    00004868   00004868    r-x
  00000000    00000000    0000026c   0000026c    r-- .intvecs
  0000026c    0000026c    00003ad8   00003ad8    r-x .text
  00003d48    00003d48    00000ad0   00000ad0    r-- .const
  00004818    00004818    00000050   00000050    r-- .cinit
20000000    20000000    000004b1   00000000    rw-
  20000000    20000000    0000026c   00000000    rw- .vtable
  2000026c    2000026c    00000200   00000000    rw- .stack
  2000046c    2000046c    00000028   00000000    rw- .data
  20000494    20000494    0000001d   00000000    rw- .bss


SECTION ALLOCATION MAP

 output                                  attributes/
section   page    origin      length       input sections
--------  ----  ----------  ----------   ----------------
.intvecs   0    00000000    0000026c     
                  00000000    0000026c     tm4c123gh6pm_startup_ccs.obj (.intvecs)

.text      0    0000026c    00003ad8     
                  0000026c    000018b4     ST7735.obj (.text)
                  00001b20    00000f88     sysctl.obj (.text)
                  00002aa8    00000656     timer.obj (.text)
                  000030fe    00000002     driverlib.lib : interrupt.obj (.text:_IntDefaultHandler)
                  00003100    00000238     icons.obj (.text)
                  00003338    00000136     rtsv7M4_T_le_v4SPD16_eabi.lib : fd_div_t2.obj (.text)
                  0000346e    00000132     driverlib.lib : gpio.obj (.text:GPIOPadConfigSet)
                  000035a0    000000fc     rtsv7M4_T_le_v4SPD16_eabi.lib : fd_mul_t2.obj (.text)
                  0000369c    0000009c                                   : memcpy_t2.obj (.text)
                  00003738    0000007a                                   : memset_t2.obj (.text)
                  000037b2    00000002                                   : mpu_init.obj (.text)
                  000037b4    00000070                                   : autoinit.obj (.text)
                  00003824    00000068     driverlib.lib : interrupt.obj (.text:IntDisable)
                  0000388c    00000068                   : interrupt.obj (.text:IntEnable)
                  000038f4    00000068     rtsv7M4_T_le_v4SPD16_eabi.lib : copy_decompress_lzss.obj (.text:decompress:lzss)
                  0000395c    00000056     driverlib.lib : gpio.obj (.text:GPIOIntTypeSet)
                  000039b2    00000002     rtsv7M4_T_le_v4SPD16_eabi.lib : startup.obj (.text)
                  000039b4    00000054                                   : boot.obj (.text)
                  00003a08    00000054                                   : exit.obj (.text)
                  00003a5c    0000004c                                   : cpy_tbl.obj (.text)
                  00003aa8    00000048     driverlib.lib : gpio.obj (.text:GPIOPinConfigure)
                  00003af0    00000044                   : gpio.obj (.text:_GPIOIntNumberGet)
                  00003b34    00000044     rtsv7M4_T_le_v4SPD16_eabi.lib : fd_tou_t2.obj (.text)
                  00003b78    0000003c     driverlib.lib : ssi.obj (.text:SSIConfigSetExpClk)
                  00003bb4    00000034                   : interrupt.obj (.text:IntRegister)
                  00003be8    0000002a                   : gpio.obj (.text:GPIODirModeSet)
                  00003c12    00000020     rtsv7M4_T_le_v4SPD16_eabi.lib : u_tofd_t2.obj (.text)
                  00003c32    00000018     driverlib.lib : gpio.obj (.text:GPIOIntRegister)
                  00003c4a    00000018                   : gpio.obj (.text:GPIOPinTypeGPIOOutput)
                  00003c62    00000002     --HOLE-- [fill = 0]
                  00003c64    00000018     rtsv7M4_T_le_v4SPD16_eabi.lib : args_main.obj (.text)
                  00003c7c    00000014     driverlib.lib : interrupt.obj (.text:IntUnregister)
                  00003c90    00000014     rtsv7M4_T_le_v4SPD16_eabi.lib : _lock.obj (.text)
                  00003ca4    00000012     driverlib.lib : gpio.obj (.text:GPIOPinTypeGPIOInput)
                  00003cb6    00000012                   : gpio.obj (.text:GPIOPinTypeSSI)
                  00003cc8    0000000e                   : gpio.obj (.text:GPIOIntDisable)
                  00003cd6    0000000e     rtsv7M4_T_le_v4SPD16_eabi.lib : copy_decompress_none.obj (.text:decompress:none)
                  00003ce4    0000000c     driverlib.lib : gpio.obj (.text:GPIOIntEnable)
                  00003cf0    0000000c     rtsv7M4_T_le_v4SPD16_eabi.lib : copy_zero_init.obj (.text:decompress:ZI)
                  00003cfc    0000000c     tm4c123gh6pm_startup_ccs.obj (.text)
                  00003d08    0000000a     driverlib.lib : ssi.obj (.text:SSIDataPut)
                  00003d12    0000000a                   : ssi.obj (.text:SSIEnable)
                  00003d1c    00000008                   : ssi.obj (.text:SSIBusy)
                  00003d24    00000006                   : gpio.obj (.text:GPIOIntClear)
                  00003d2a    00000006                   : gpio.obj (.text:GPIOPinRead)
                  00003d30    00000006                   : gpio.obj (.text:GPIOPinWrite)
                  00003d36    00000006     sysctl.obj (.text:SysCtlDelay)
                  00003d3c    00000004     driverlib.lib : cpu.obj (.text:CPUwfi)
                  00003d40    00000004     rtsv7M4_T_le_v4SPD16_eabi.lib : pre_init.obj (.text)

.const     0    00003d48    00000ad0     
                  00003d48    000004fb     ST7735.obj (.const:.string:font)
                  00004243    00000001     --HOLE-- [fill = 0]
                  00004244    000001b0     sysctl.obj (.const:g_pppui32XTALtoVCO)
                  000043f4    000000d8     driverlib.lib : gpio.obj (.const:g_ppui32GPIOIntMapSnowflake)
                  000044cc    000000c0                   : gpio.obj (.const:g_ppui32GPIOIntMapBlizzard)
                  0000458c    00000090                   : gpio.obj (.const:g_pui32GPIOBaseAddrs)
                  0000461c    00000070                   : interrupt.obj (.const)
                  0000468c    0000006c     sysctl.obj (.const:g_pui32Xtals)
                  000046f8    00000060     timer.obj (.const:g_ppui32TimerIntMap)
                  00004758    00000040     timer.obj (.const:g_ppui32TimerIntMapSnowflake)
                  00004798    00000037     ST7735.obj (.const:.string:initCommands)
                  000047cf    00000001     --HOLE-- [fill = 0]
                  000047d0    00000030     sysctl.obj (.const:g_sXTALtoMEMTIM)
                  00004800    00000008     sysctl.obj (.const:g_pui32VCOFrequencies)
                  00004808    00000008     icons.obj (.const)
                  00004810    00000008     timer.obj (.const)

.cinit     0    00004818    00000050     
                  00004818    00000018     (.cinit..data.load) [load image, compression = lzss]
                  00004830    0000000c     (__TI_handler_table)
                  0000483c    00000004     --HOLE-- [fill = 0]
                  00004840    00000008     (.cinit..bss.load) [load image, compression = zero_init]
                  00004848    00000008     (.cinit..vtable.load) [load image, compression = zero_init]
                  00004850    00000018     (__TI_cinit_table)

.init_array 
*          0    00000000    00000000     UNINITIALIZED

.vtable    0    20000000    0000026c     UNINITIALIZED
                  20000000    0000026c     driverlib.lib : interrupt.obj (.vtable)

.stack     0    2000026c    00000200     UNINITIALIZED
                  2000026c    00000200     --HOLE--

.data      0    2000046c    00000028     UNINITIALIZED
                  2000046c    00000010     icons.obj (.data)
                  2000047c    0000000c     rtsv7M4_T_le_v4SPD16_eabi.lib : exit.obj (.data:$O1$$)
                  20000488    00000008                                   : _lock.obj (.data:$O1$$)
                  20000490    00000004                                   : stkdepth_vars.obj (.data)

.bss       0    20000494    0000001d     UNINITIALIZED
                  20000494    00000004     (.common:height)
                  20000498    00000004     (.common:pulse)
                  2000049c    00000004     (.common:width)
                  200004a0    00000002     (.common:cursor_x)
                  200004a2    00000002     (.common:cursor_y)
                  200004a4    00000002     (.common:textbgcolour)
                  200004a6    00000002     (.common:textcolour)
                  200004a8    00000002     (.common:wrap)
                  200004aa    00000001     (.common:N)
                  200004ab    00000001     (.common:colstart)
                  200004ac    00000001     (.common:i)
                  200004ad    00000001     (.common:j)
                  200004ae    00000001     (.common:rotation)
                  200004af    00000001     (.common:rowstart)
                  200004b0    00000001     (.common:textsize)

MODULE SUMMARY

       Module                         code    ro data   rw data
       ------                         ----    -------   -------
    .\
       ST7735.obj                     6324    1330      24     
       sysctl.obj                     3982    596       0      
       timer.obj                      1622    168       0      
       tm4c123gh6pm_startup_ccs.obj   12      620       0      
       icons.obj                      568     8         21     
    +--+------------------------------+-------+---------+---------+
       Total:                         12508   2722      45     
                                                               
    C:/ti/TivaWare_C_Series-2.1.4.178/driverlib/ccs/Debug/driverlib.lib
       gpio.obj                       702     552       0      
       interrupt.obj                  282     112       620    
       ssi.obj                        88      0         0      
       cpu.obj                        4       0         0      
    +--+------------------------------+-------+---------+---------+
       Total:                         1076    664       620    
                                                               
    C:\ti\ccsv7\tools\compiler\ti-cgt-arm_16.9.1.LTS\lib\rtsv7M4_T_le_v4SPD16_eabi.lib
       fd_div_t2.obj                  310     0         0      
       fd_mul_t2.obj                  252     0         0      
       memcpy_t2.obj                  156     0         0      
       memset_t2.obj                  122     0         0      
       autoinit.obj                   112     0         0      
       copy_decompress_lzss.obj       104     0         0      
       exit.obj                       84      0         12     
       boot.obj                       84      0         0      
       cpy_tbl.obj                    76      0         0      
       fd_tou_t2.obj                  68      0         0      
       u_tofd_t2.obj                  32      0         0      
       _lock.obj                      20      0         8      
       args_main.obj                  24      0         0      
       copy_decompress_none.obj       14      0         0      
       copy_zero_init.obj             12      0         0      
       pre_init.obj                   4       0         0      
       stkdepth_vars.obj              0       0         4      
       mpu_init.obj                   2       0         0      
       startup.obj                    2       0         0      
    +--+------------------------------+-------+---------+---------+
       Total:                         1478    0         24     
                                                               
       Stack:                         0       0         512    
       Linker Generated:              0       76        0      
    +--+------------------------------+-------+---------+---------+
       Grand Total:                   15062   3462      1201   


LINKER GENERATED COPY TABLES

__TI_cinit_table @ 00004850 records: 3, size/record: 8, table size: 24
	.data: load addr=00004818, load size=00000018 bytes, run addr=2000046c, run size=00000028 bytes, compression=lzss
	.bss: load addr=00004840, load size=00000008 bytes, run addr=20000494, run size=0000001d bytes, compression=zero_init
	.vtable: load addr=00004848, load size=00000008 bytes, run addr=20000000, run size=0000026c bytes, compression=zero_init


LINKER GENERATED HANDLER TABLE

__TI_handler_table @ 00004830 records: 3, size/record: 4, table size: 12
	index: 0, handler: __TI_zero_init
	index: 1, handler: __TI_decompress_lzss
	index: 2, handler: __TI_decompress_none


GLOBAL SYMBOLS: SORTED ALPHABETICALLY BY Name 

address   name                            
-------   ----                            
00003a09  C$$EXIT                         
00003d3d  CPUwfi                          
000032bf  Captureinit                     
00000867  Colour565                       
00003be9  GPIODirModeSet                  
00003d25  GPIOIntClear                    
00003cc9  GPIOIntDisable                  
00003ce5  GPIOIntEnable                   
00003c33  GPIOIntRegister                 
0000395d  GPIOIntTypeSet                  
0000346f  GPIOPadConfigSet                
00003aa9  GPIOPinConfigure                
00003d2b  GPIOPinRead                     
00003ca5  GPIOPinTypeGPIOInput            
00003c4b  GPIOPinTypeGPIOOutput           
00003cb7  GPIOPinTypeSSI                  
00003d31  GPIOPinWrite                    
00003825  IntDisable                      
0000388d  IntEnable                       
00003bb5  IntRegister                     
00003c7d  IntUnregister                   
00000377  LcdInit                         
200004aa  N                               
20000478  Redfreq                         
00003cfd  ResetISR                        
UNDEFED   SHT$$INIT_ARRAY$$Base           
UNDEFED   SHT$$INIT_ARRAY$$Limit          
00003d1d  SSIBusy                         
00003b79  SSIConfigSetExpClk              
00003d09  SSIDataPut                      
00003d13  SSIEnable                       
00002a65  SysCtlAltClkConfig              
00002189  SysCtlClockFreqSet              
00002651  SysCtlClockGet                  
00002a49  SysCtlClockOutConfig            
00002481  SysCtlClockSet                  
0000208d  SysCtlDeepSleep                 
00002819  SysCtlDeepSleepClockConfigSet   
000027fd  SysCtlDeepSleepClockSet         
0000206d  SysCtlDeepSleepPowerSet         
00003d37  SysCtlDelay                     
00001c19  SysCtlFlashSectorSizeGet        
00001bed  SysCtlFlashSizeGet              
000028ef  SysCtlGPIOAHBDisable            
000028d3  SysCtlGPIOAHBEnable             
00002001  SysCtlIntClear                  
00001fe9  SysCtlIntDisable                
00001fd5  SysCtlIntEnable                 
00001fad  SysCtlIntRegister               
00002011  SysCtlIntStatus                 
00001fc5  SysCtlIntUnregister             
00002053  SysCtlLDODeepSleepGet           
00002043  SysCtlLDODeepSleepSet           
0000203d  SysCtlLDOSleepGet               
0000202d  SysCtlLDOSleepSet               
000020c3  SysCtlMOSCConfigSet             
00002a2d  SysCtlNMIClear                  
00002a1d  SysCtlNMIStatus                 
000020d9  SysCtlPIOSCCalibrate            
000028bd  SysCtlPWMClockGet               
000028a3  SysCtlPWMClockSet               
00001f59  SysCtlPeripheralClockGating     
00001f11  SysCtlPeripheralDeepSleepDisable
00001ec1  SysCtlPeripheralDeepSleepEnable 
00001dfd  SysCtlPeripheralDisable         
00001dc1  SysCtlPeripheralEnable          
00001cfd  SysCtlPeripheralPowerOff        
00001cc1  SysCtlPeripheralPowerOn         
00001c41  SysCtlPeripheralPresent         
00001c81  SysCtlPeripheralReady           
00001d39  SysCtlPeripheralReset           
00001e85  SysCtlPeripheralSleepDisable    
00001e41  SysCtlPeripheralSleepEnable     
0000207d  SysCtlReset                     
00002139  SysCtlResetBehaviorGet          
00002129  SysCtlResetBehaviorSet          
000020af  SysCtlResetCauseClear           
000020a9  SysCtlResetCauseGet             
00001be3  SysCtlSRAMSizeGet               
00002085  SysCtlSleep                     
00002059  SysCtlSleepPowerSet             
00002917  SysCtlUSBPLLDisable             
0000290b  SysCtlUSBPLLEnable              
0000295d  SysCtlVCOGet                    
00002949  SysCtlVoltageEventClear         
00002929  SysCtlVoltageEventConfig        
0000293d  SysCtlVoltageEventStatus        
0000307d  TimerADCEventGet                
0000306b  TimerADCEventSet                
00002d99  TimerClockSourceGet             
00002d7d  TimerClockSourceSet             
00002b5b  TimerConfigure                  
00002c7b  TimerControlEvent               
00002bd7  TimerControlLevel               
00002ca5  TimerControlStall               
00002c0d  TimerControlTrigger             
00002cdb  TimerControlWaitOnTrigger       
0000309d  TimerDMAEventGet                
0000308b  TimerDMAEventSet                
00002b3d  TimerDisable                    
00002b1f  TimerEnable                     
00003047  TimerIntClear                   
00003011  TimerIntDisable                 
00002ff9  TimerIntEnable                  
00002fb3  TimerIntRegister                
00003029  TimerIntStatus                  
00002fdb  TimerIntUnregister              
00002e63  TimerLoadGet                    
00002e9d  TimerLoadGet64                  
00002e39  TimerLoadSet                    
00002e7f  TimerLoadSet64                  
00002f47  TimerMatchGet                   
00002f81  TimerMatchGet64                 
00002f1d  TimerMatchSet                   
00002f63  TimerMatchSet64                 
00002dd3  TimerPrescaleGet                
00002e1d  TimerPrescaleMatchGet           
00002def  TimerPrescaleMatchSet           
00002da9  TimerPrescaleSet                
00002d51  TimerRTCDisable                 
00002d3b  TimerRTCEnable                  
00003059  TimerSynchronize                
000030ab  TimerUpdateMode                 
00002ecf  TimerValueGet                   
00002eeb  TimerValueGet64                 
2000046c  __STACK_END                     
00000200  __STACK_SIZE                    
2000046c  __STACK_TOP                     
00004850  __TI_CINIT_Base                 
00004868  __TI_CINIT_Limit                
00004830  __TI_Handler_Table_Base         
0000483c  __TI_Handler_Table_Limit        
000037b5  __TI_auto_init                  
2000047c  __TI_cleanup_ptr                
000038f5  __TI_decompress_lzss            
00003cd7  __TI_decompress_none            
20000480  __TI_dtors_ptr                  
20000484  __TI_enable_exit_profile_output 
ffffffff  __TI_pprof_out_hndl             
ffffffff  __TI_prof_data_size             
ffffffff  __TI_prof_data_start            
00000000  __TI_static_base__              
00003cf1  __TI_zero_init                  
00003b35  __aeabi_d2uiz                   
00003339  __aeabi_ddiv                    
000035a1  __aeabi_dmul                    
00003739  __aeabi_memclr                  
00003739  __aeabi_memclr4                 
00003739  __aeabi_memclr8                 
0000369d  __aeabi_memcpy                  
0000369d  __aeabi_memcpy4                 
0000369d  __aeabi_memcpy8                 
0000373b  __aeabi_memset                  
0000373b  __aeabi_memset4                 
0000373b  __aeabi_memset8                 
00003c13  __aeabi_ui2d                    
ffffffff  __binit__                       
ffffffff  __c_args__                      
000037b3  __mpu_init                      
2000026c  __stack                         
00003c65  _args_main                      
000039b5  _c_int00                        
20000488  _lock                           
00003c9f  _nop                            
00003c97  _register_lock                  
00003c91  _register_unlock                
000039b3  _system_post_cinit              
00003d41  _system_pre_init                
2000048c  _unlock                         
00003a0d  abort                           
ffffffff  binit                           
200004ab  colstart                        
000002d9  commandList                     
00003a5d  copy_in                         
200004a0  cursor_x                        
200004a2  cursor_y                        
0000165b  drawBitmap                      
000018d7  drawChar                        
00000949  drawCircle                      
00000b51  drawCircleHelper                
0000065d  drawFastHLine                   
000005a5  drawFastVLine                   
00000ecb  drawLine                        
00003101  drawNum                         
00000543  drawPixel                       
00001039  drawRect                        
000010ab  drawRoundRect                   
000017e7  drawString                      
000012dd  drawTriangle                    
0000172d  drawXBitmap                     
20000474  echowait                        
00003a15  exit                            
00000d05  fillCircle                      
00000d5f  fillCircleHelper                
00000751  fillRect                        
00001221  fillRoundRect                   
0000070b  fillScreen                      
0000133d  fillTriangle                    
20000000  g_pfnRAMVectors                 
00000000  g_pfnVectors                    
20000494  height                          
200004ac  i                               
00003277  inputInt                        
00000927  invertDisplay                   
200004ad  j                               
0000316f  main                            
20000490  main_func_sp                    
0000369d  memcpy                          
00003741  memset                          
20000470  outValue                        
20000498  pulse                           
0000051b  pushColour                      
200004ae  rotation                        
200004af  rowstart                        
00000495  setAddrWindow                   
00001a7f  setCursor                       
0000089b  setRotation                     
00001abf  setTextColour                   
00001a9f  setTextSize                     
00001adf  setTextWrap                     
0000026d  spiWrite                        
0000046f  swapColour                      
00004808  temp                            
200004a4  textbgcolour                    
200004a6  textcolour                      
200004b0  textsize                        
2000049c  width                           
200004a8  wrap                            
000002a1  writeCommand                    
000002bd  writeData                       
2000046c  z                               


GLOBAL SYMBOLS: SORTED BY Symbol Address 

address   name                            
-------   ----                            
00000000  __TI_static_base__              
00000000  g_pfnVectors                    
00000200  __STACK_SIZE                    
0000026d  spiWrite                        
000002a1  writeCommand                    
000002bd  writeData                       
000002d9  commandList                     
00000377  LcdInit                         
0000046f  swapColour                      
00000495  setAddrWindow                   
0000051b  pushColour                      
00000543  drawPixel                       
000005a5  drawFastVLine                   
0000065d  drawFastHLine                   
0000070b  fillScreen                      
00000751  fillRect                        
00000867  Colour565                       
0000089b  setRotation                     
00000927  invertDisplay                   
00000949  drawCircle                      
00000b51  drawCircleHelper                
00000d05  fillCircle                      
00000d5f  fillCircleHelper                
00000ecb  drawLine                        
00001039  drawRect                        
000010ab  drawRoundRect                   
00001221  fillRoundRect                   
000012dd  drawTriangle                    
0000133d  fillTriangle                    
0000165b  drawBitmap                      
0000172d  drawXBitmap                     
000017e7  drawString                      
000018d7  drawChar                        
00001a7f  setCursor                       
00001a9f  setTextSize                     
00001abf  setTextColour                   
00001adf  setTextWrap                     
00001be3  SysCtlSRAMSizeGet               
00001bed  SysCtlFlashSizeGet              
00001c19  SysCtlFlashSectorSizeGet        
00001c41  SysCtlPeripheralPresent         
00001c81  SysCtlPeripheralReady           
00001cc1  SysCtlPeripheralPowerOn         
00001cfd  SysCtlPeripheralPowerOff        
00001d39  SysCtlPeripheralReset           
00001dc1  SysCtlPeripheralEnable          
00001dfd  SysCtlPeripheralDisable         
00001e41  SysCtlPeripheralSleepEnable     
00001e85  SysCtlPeripheralSleepDisable    
00001ec1  SysCtlPeripheralDeepSleepEnable 
00001f11  SysCtlPeripheralDeepSleepDisable
00001f59  SysCtlPeripheralClockGating     
00001fad  SysCtlIntRegister               
00001fc5  SysCtlIntUnregister             
00001fd5  SysCtlIntEnable                 
00001fe9  SysCtlIntDisable                
00002001  SysCtlIntClear                  
00002011  SysCtlIntStatus                 
0000202d  SysCtlLDOSleepSet               
0000203d  SysCtlLDOSleepGet               
00002043  SysCtlLDODeepSleepSet           
00002053  SysCtlLDODeepSleepGet           
00002059  SysCtlSleepPowerSet             
0000206d  SysCtlDeepSleepPowerSet         
0000207d  SysCtlReset                     
00002085  SysCtlSleep                     
0000208d  SysCtlDeepSleep                 
000020a9  SysCtlResetCauseGet             
000020af  SysCtlResetCauseClear           
000020c3  SysCtlMOSCConfigSet             
000020d9  SysCtlPIOSCCalibrate            
00002129  SysCtlResetBehaviorSet          
00002139  SysCtlResetBehaviorGet          
00002189  SysCtlClockFreqSet              
00002481  SysCtlClockSet                  
00002651  SysCtlClockGet                  
000027fd  SysCtlDeepSleepClockSet         
00002819  SysCtlDeepSleepClockConfigSet   
000028a3  SysCtlPWMClockSet               
000028bd  SysCtlPWMClockGet               
000028d3  SysCtlGPIOAHBEnable             
000028ef  SysCtlGPIOAHBDisable            
0000290b  SysCtlUSBPLLEnable              
00002917  SysCtlUSBPLLDisable             
00002929  SysCtlVoltageEventConfig        
0000293d  SysCtlVoltageEventStatus        
00002949  SysCtlVoltageEventClear         
0000295d  SysCtlVCOGet                    
00002a1d  SysCtlNMIStatus                 
00002a2d  SysCtlNMIClear                  
00002a49  SysCtlClockOutConfig            
00002a65  SysCtlAltClkConfig              
00002b1f  TimerEnable                     
00002b3d  TimerDisable                    
00002b5b  TimerConfigure                  
00002bd7  TimerControlLevel               
00002c0d  TimerControlTrigger             
00002c7b  TimerControlEvent               
00002ca5  TimerControlStall               
00002cdb  TimerControlWaitOnTrigger       
00002d3b  TimerRTCEnable                  
00002d51  TimerRTCDisable                 
00002d7d  TimerClockSourceSet             
00002d99  TimerClockSourceGet             
00002da9  TimerPrescaleSet                
00002dd3  TimerPrescaleGet                
00002def  TimerPrescaleMatchSet           
00002e1d  TimerPrescaleMatchGet           
00002e39  TimerLoadSet                    
00002e63  TimerLoadGet                    
00002e7f  TimerLoadSet64                  
00002e9d  TimerLoadGet64                  
00002ecf  TimerValueGet                   
00002eeb  TimerValueGet64                 
00002f1d  TimerMatchSet                   
00002f47  TimerMatchGet                   
00002f63  TimerMatchSet64                 
00002f81  TimerMatchGet64                 
00002fb3  TimerIntRegister                
00002fdb  TimerIntUnregister              
00002ff9  TimerIntEnable                  
00003011  TimerIntDisable                 
00003029  TimerIntStatus                  
00003047  TimerIntClear                   
00003059  TimerSynchronize                
0000306b  TimerADCEventSet                
0000307d  TimerADCEventGet                
0000308b  TimerDMAEventSet                
0000309d  TimerDMAEventGet                
000030ab  TimerUpdateMode                 
00003101  drawNum                         
0000316f  main                            
00003277  inputInt                        
000032bf  Captureinit                     
00003339  __aeabi_ddiv                    
0000346f  GPIOPadConfigSet                
000035a1  __aeabi_dmul                    
0000369d  __aeabi_memcpy                  
0000369d  __aeabi_memcpy4                 
0000369d  __aeabi_memcpy8                 
0000369d  memcpy                          
00003739  __aeabi_memclr                  
00003739  __aeabi_memclr4                 
00003739  __aeabi_memclr8                 
0000373b  __aeabi_memset                  
0000373b  __aeabi_memset4                 
0000373b  __aeabi_memset8                 
00003741  memset                          
000037b3  __mpu_init                      
000037b5  __TI_auto_init                  
00003825  IntDisable                      
0000388d  IntEnable                       
000038f5  __TI_decompress_lzss            
0000395d  GPIOIntTypeSet                  
000039b3  _system_post_cinit              
000039b5  _c_int00                        
00003a09  C$$EXIT                         
00003a0d  abort                           
00003a15  exit                            
00003a5d  copy_in                         
00003aa9  GPIOPinConfigure                
00003b35  __aeabi_d2uiz                   
00003b79  SSIConfigSetExpClk              
00003bb5  IntRegister                     
00003be9  GPIODirModeSet                  
00003c13  __aeabi_ui2d                    
00003c33  GPIOIntRegister                 
00003c4b  GPIOPinTypeGPIOOutput           
00003c65  _args_main                      
00003c7d  IntUnregister                   
00003c91  _register_unlock                
00003c97  _register_lock                  
00003c9f  _nop                            
00003ca5  GPIOPinTypeGPIOInput            
00003cb7  GPIOPinTypeSSI                  
00003cc9  GPIOIntDisable                  
00003cd7  __TI_decompress_none            
00003ce5  GPIOIntEnable                   
00003cf1  __TI_zero_init                  
00003cfd  ResetISR                        
00003d09  SSIDataPut                      
00003d13  SSIEnable                       
00003d1d  SSIBusy                         
00003d25  GPIOIntClear                    
00003d2b  GPIOPinRead                     
00003d31  GPIOPinWrite                    
00003d37  SysCtlDelay                     
00003d3d  CPUwfi                          
00003d41  _system_pre_init                
00004808  temp                            
00004830  __TI_Handler_Table_Base         
0000483c  __TI_Handler_Table_Limit        
00004850  __TI_CINIT_Base                 
00004868  __TI_CINIT_Limit                
20000000  g_pfnRAMVectors                 
2000026c  __stack                         
2000046c  __STACK_END                     
2000046c  __STACK_TOP                     
2000046c  z                               
20000470  outValue                        
20000474  echowait                        
20000478  Redfreq                         
2000047c  __TI_cleanup_ptr                
20000480  __TI_dtors_ptr                  
20000484  __TI_enable_exit_profile_output 
20000488  _lock                           
2000048c  _unlock                         
20000490  main_func_sp                    
20000494  height                          
20000498  pulse                           
2000049c  width                           
200004a0  cursor_x                        
200004a2  cursor_y                        
200004a4  textbgcolour                    
200004a6  textcolour                      
200004a8  wrap                            
200004aa  N                               
200004ab  colstart                        
200004ac  i                               
200004ad  j                               
200004ae  rotation                        
200004af  rowstart                        
200004b0  textsize                        
ffffffff  __TI_pprof_out_hndl             
ffffffff  __TI_prof_data_size             
ffffffff  __TI_prof_data_start            
ffffffff  __binit__                       
ffffffff  __c_args__                      
ffffffff  binit                           
UNDEFED   SHT$$INIT_ARRAY$$Base           
UNDEFED   SHT$$INIT_ARRAY$$Limit          

[231 symbols]
